Designed for creators, coaches & agenciesTurn Social Media Engagement Into Paying CustomersEvery day, potential customers interact with your content. TractionFlo helps you capture those opportunities, start the right conversations, and convert more of them into revenue.Join Founding AccessWatch DemoNo credit card required • Limited founding spotsBuilt with early creators & agenciesSocial ActivityThis Month0Comments0DMs0Story Replies0New FollowersTFTractionFloRevenue EngineConversation StartedEngages instantlyQualified LeadsLeads are scored & qualifiedBooked CallsCalls are scheduledPayments CollectedPayments are processedResults This MonthLast 30 days0Qualified Leads0Booked Calls$0Revenue GeneratedInstagramLive nowfFacebookComing soonWhatsAppComing soonTikTokComing soonYouTubeComing soonThe hidden revenue problemMost Opportunities Never Become CustomersPotential customers are already interacting with your content through comments, messages, story replies, mentions, and follows. Without a system to capture and manage those interactions, valuable opportunities are lost every day.CommentsMessagesStory RepliesMentionsFollowsLost every day without a system to capture them.The solutionTurn Every Interaction Into An OpportunityEverything needed to move prospects from social engagement to customer.1. Monitor EngagementCapture comments, messages, story replies, mentions, and follows.2. Start ConversationsReach out and answer questions in real time.3. Qualify InterestIdentify which prospects are ready to buy.4. Generate RevenueBook calls, send offers, and turn interest into revenue.Real exampleSee The Entire JourneyFollow Maya, an online coach, from her first comment all the way to a paying customer.Mmaya.coachesActive nowToday 9:41 AMMessage...Why TractionFloMore Than AutomationMost ToolsSend messagesTrigger workflowsCollect leadsBuilt for revenueTFTractionFloCaptures buying intentStarts meaningful conversationsQualifies opportunitiesHelps drive conversionsResultsKnow Exactly What's WorkingTrack every step from first interaction to closed customer.0Opportunities Identified0Conversations Started0Qualified Prospects0Calls Booked0Customers AcquiredIllustrative example of the metrics TractionFlo tracks for you.Common questionsQuestions Before You JoinIs this just another chatbot?No. TractionFlo is a full revenue system that captures intent, qualifies leads, takes action, and collects payment — not a single auto-reply bot.Do I have to switch tools?Will the messages still sound like me?Can it find buyers who haven't messaged yet?Can I collect payments inside the chat?How long does setup take?Who is TractionFlo built for?What happens after I join founding access?Still on the fence?It's free for 90 days. The only risk is losing your founder spot.Questions? support@tractionflo.comJoin Founding AccessFounding accessSimple Pricing. Everything You Need.Turn social media engagement into paying customers with one simple plan.Founding AccessPublic Price: $99/month$79/monthLock in founding pricing forever.Reserve Your Founding SpotLimited founding spots available.No contracts. Cancel anytime.Everything included1 Instagram AccountMonitor Comments, DMs, Story Replies & MentionsCapture Every OpportunityConversation ManagementLead QualificationBooking & Conversion WorkflowsAnalytics & ReportingPriority Founder SupportFounder benefitsFounding pricing locked foreverEarly access to new featuresDirect access to foundersInfluence the product roadmap